map[string]resource.PropertyMap{
	"module.s3_bucket.aws_s3_bucket.this[0]": {
		resource.PropertyKey("acceleration_status"):         resource.PropertyValue{V: ""},
		resource.PropertyKey("acl"):                         resource.PropertyValue{},
		resource.PropertyKey("arn"):                         resource.PropertyValue{V: "arn:aws:s3:::terraform-20250131203337907600000001"},
		resource.PropertyKey("bucket"):                      resource.PropertyValue{V: "terraform-20250131203337907600000001"},
		resource.PropertyKey("bucket_domain_name"):          resource.PropertyValue{V: "terraform-20250131203337907600000001.s3.amazonaws.com"},
		resource.PropertyKey("bucket_prefix"):               resource.PropertyValue{V: "terraform-"},
		resource.PropertyKey("bucket_regional_domain_name"): resource.PropertyValue{V: "terraform-20250131203337907600000001.s3.us-east-2.amazonaws.com"},
		resource.PropertyKey("cors_rule"):                   resource.PropertyValue{V: []resource.PropertyValue{}},
		resource.PropertyKey("force_destroy"):               resource.PropertyValue{V: false},
		resource.PropertyKey("grant"): resource.PropertyValue{V: []resource.PropertyValue{{V: resource.PropertyMap{
			resource.PropertyKey("id"): resource.PropertyValue{V: "abcdefg"},
			resource.PropertyKey("permissions"): resource.PropertyValue{V: []resource.PropertyValue{
				{V: "FULL_CONTROL"},
			}},
			resource.PropertyKey("type"): resource.PropertyValue{V: "CanonicalUser"},
			resource.PropertyKey("uri"):  resource.PropertyValue{V: ""},
		}}}},
		resource.PropertyKey("hosted_zone_id"):            resource.PropertyValue{V: "Z2O1EMRO9K5GLX"},
		resource.PropertyKey("id"):                        resource.PropertyValue{V: "terraform-20250131203337907600000001"},
		resource.PropertyKey("lifecycle_rule"):            resource.PropertyValue{V: []resource.PropertyValue{}},
		resource.PropertyKey("logging"):                   resource.PropertyValue{V: []resource.PropertyValue{}},
		resource.PropertyKey("object_lock_configuration"): resource.PropertyValue{V: []resource.PropertyValue{}},
		resource.PropertyKey("object_lock_enabled"):       resource.PropertyValue{V: false},
		resource.PropertyKey("policy"):                    resource.PropertyValue{V: ""},
		resource.PropertyKey("region"):                    resource.PropertyValue{V: "us-east-2"},
		resource.PropertyKey("replication_configuration"): resource.PropertyValue{V: []resource.PropertyValue{}},
		resource.PropertyKey("request_payer"):             resource.PropertyValue{V: "BucketOwner"},
		resource.PropertyKey("server_side_encryption_configuration"): resource.PropertyValue{V: []resource.PropertyValue{{V: resource.PropertyMap{resource.PropertyKey("rule"): resource.PropertyValue{V: []resource.PropertyValue{{V: resource.PropertyMap{
			resource.PropertyKey("apply_server_side_encryption_by_default"): resource.PropertyValue{V: []resource.PropertyValue{
				{V: resource.PropertyMap{
					resource.PropertyKey("kms_master_key_id"): resource.PropertyValue{V: ""},
					resource.PropertyKey("sse_algorithm"):     resource.PropertyValue{V: "AES256"},
				}},
			}},
			resource.PropertyKey("bucket_key_enabled"): resource.PropertyValue{V: false},
		}}}}}}}},
		resource.PropertyKey("tags"):     resource.PropertyValue{V: resource.PropertyMap{}},
		resource.PropertyKey("tags_all"): resource.PropertyValue{V: resource.PropertyMap{}},
		resource.PropertyKey("timeouts"): resource.PropertyValue{},
		resource.PropertyKey("versioning"): resource.PropertyValue{V: []resource.PropertyValue{{V: resource.PropertyMap{
			resource.PropertyKey("enabled"):    resource.PropertyValue{V: false},
			resource.PropertyKey("mfa_delete"): resource.PropertyValue{V: false},
		}}}},
		resource.PropertyKey("website"):          resource.PropertyValue{V: []resource.PropertyValue{}},
		resource.PropertyKey("website_domain"):   resource.PropertyValue{},
		resource.PropertyKey("website_endpoint"): resource.PropertyValue{},
	},
	"module.s3_bucket.aws_s3_bucket_acl.this[0]": {
		resource.PropertyKey("access_control_policy"): resource.PropertyValue{V: []resource.PropertyValue{{V: resource.PropertyMap{
			resource.PropertyKey("grant"): resource.PropertyValue{V: []resource.PropertyValue{{V: resource.PropertyMap{
				resource.PropertyKey("grantee"): resource.PropertyValue{V: []resource.PropertyValue{{V: resource.PropertyMap{
					resource.PropertyKey("display_name"):  resource.PropertyValue{V: ""},
					resource.PropertyKey("email_address"): resource.PropertyValue{V: ""},
					resource.PropertyKey("id"):            resource.PropertyValue{V: "abcdefg"},
					resource.PropertyKey("type"):          resource.PropertyValue{V: "CanonicalUser"},
					resource.PropertyKey("uri"):           resource.PropertyValue{V: ""},
				}}}},
				resource.PropertyKey("permission"): resource.PropertyValue{V: "FULL_CONTROL"},
			}}}},
			resource.PropertyKey("owner"): resource.PropertyValue{V: []resource.PropertyValue{{V: resource.PropertyMap{
				resource.PropertyKey("display_name"): resource.PropertyValue{V: ""},
				resource.PropertyKey("id"):           resource.PropertyValue{V: "abcdefg"},
			}}}},
		}}}},
		resource.PropertyKey("acl"):                   resource.PropertyValue{V: "private"},
		resource.PropertyKey("bucket"):                resource.PropertyValue{V: "terraform-20250131203337907600000001"},
		resource.PropertyKey("expected_bucket_owner"): resource.PropertyValue{V: ""},
		resource.PropertyKey("id"):                    resource.PropertyValue{V: "terraform-20250131203337907600000001,private"},
	},
	"module.s3_bucket.aws_s3_bucket_ownership_controls.this[0]": {
		resource.PropertyKey("bucket"): resource.PropertyValue{V: "terraform-20250131203337907600000001"},
		resource.PropertyKey("id"):     resource.PropertyValue{V: "terraform-20250131203337907600000001"},
		resource.PropertyKey("rule"):   resource.PropertyValue{V: []resource.PropertyValue{{V: resource.PropertyMap{resource.PropertyKey("object_ownership"): resource.PropertyValue{V: "ObjectWriter"}}}}},
	},
	"module.s3_bucket.aws_s3_bucket_public_access_block.this[0]": {
		resource.PropertyKey("block_public_acls"):       resource.PropertyValue{V: true},
		resource.PropertyKey("block_public_policy"):     resource.PropertyValue{V: true},
		resource.PropertyKey("bucket"):                  resource.PropertyValue{V: "terraform-20250131203337907600000001"},
		resource.PropertyKey("id"):                      resource.PropertyValue{V: "terraform-20250131203337907600000001"},
		resource.PropertyKey("ignore_public_acls"):      resource.PropertyValue{V: true},
		resource.PropertyKey("restrict_public_buckets"): resource.PropertyValue{V: true},
	},
}
